From https://github.com/sportsdataverse/hoopR-mbb-data
 * [new branch]        chore/mbb-drop-local-active-reorder -> origin/chore/mbb-drop-local-active-reorder
 * [new branch]        feat/mbb-ci-cutover-python -> origin/feat/mbb-ci-cutover-python
 * [new branch]        feat/mbb-data-build   -> origin/feat/mbb-data-build
 * [new branch]        feat/mbb-game-rosters-json-final-fallback -> origin/feat/mbb-game-rosters-json-final-fallback
 * [new branch]        feat/mbb-native-rds   -> origin/feat/mbb-native-rds
 * [new branch]        feat/mbb-officials-json-final-repoint -> origin/feat/mbb-officials-json-final-repoint
 * [new branch]        feat/mbb-player-core-daily -> origin/feat/mbb-player-core-daily
 * [new branch]        feat/mbb-player-core-dataset -> origin/feat/mbb-player-core-dataset
 * [new branch]        feat/mbb-player-core-tree -> origin/feat/mbb-player-core-tree
 * [new branch]        feat/mbb-team-crosswalk-python -> origin/feat/mbb-team-crosswalk-python
 * [new branch]        feat/release-sidecars -> origin/feat/release-sidecars
 * [new branch]        feat/weekly-output-parity -> origin/feat/weekly-output-parity
 * [new branch]        fix/mbb-serialize-rds -> origin/fix/mbb-serialize-rds
 * [new branch]        fix/player-core-manifest -> origin/fix/player-core-manifest
 * [new branch]        fix/ratings-nonfinite-republish -> origin/fix/ratings-nonfinite-republish
::group::mbb_data_build pbp 2027
2026-09-09 06:02:05 [WARNING] mbb_data_build: pbp 2027: no game_json games in the season schedule; nothing built
2026-09-09 06:02:05 [INFO] mbb_data_build: pbp 2027: season complete -- 0 rows
::endgroup::
::group::mbb_data_build team_box 2027
2026-09-09 06:02:08 [WARNING] mbb_data_build: team_box 2027: no game_json games in the season schedule; nothing built
2026-09-09 06:02:08 [INFO] mbb_data_build: team_box 2027: season complete -- 0 rows
::endgroup::
::group::mbb_data_build player_box 2027
2026-09-09 06:02:11 [WARNING] mbb_data_build: player_box 2027: no game_json games in the season schedule; nothing built
2026-09-09 06:02:11 [INFO] mbb_data_build: player_box 2027: season complete -- 0 rows
::endgroup::
::group::mbb_data_build player_core 2027
2026-09-09 06:02:14 [INFO] mbb_data_build: player_core 2027: season-level build starting (raw=https://raw.githubusercontent.com/sportsdataverse/hoopR-mbb-raw/main via http)
2026-09-09 06:02:14 [WARNING] mbb_data_build: player_core 2027: no built player_box parquet at ..\mbb\player_box\parquet\player_box_2027.parquet -- cannot resolve which athletes played this season (build player_box first)
2026-09-09 06:02:14 [WARNING] mbb_data_build: player_core 2027: season-level build produced 0 rows; nothing written
2026-09-09 06:02:14 [INFO] mbb_data_build: player_core 2027: season complete -- 0 rows
::endgroup::
::group::mbb_data_build schedules 2027
2026-09-09 06:02:17 [INFO] mbb_data_build: schedules 2027: season-level build starting (raw=https://raw.githubusercontent.com/sportsdataverse/hoopR-mbb-raw/main via http)
2026-09-09 06:02:17 [WARNING] mbb_data_build: pbp 2027: no built parquet at ..\mbb\pbp\parquet\play_by_play_2027.parquet -- schedule flags for it will all be False
2026-09-09 06:02:17 [WARNING] mbb_data_build: team_box 2027: no built parquet at ..\mbb\team_box\parquet\team_box_2027.parquet -- schedule flags for it will all be False
2026-09-09 06:02:17 [WARNING] mbb_data_build: player_box 2027: no built parquet at ..\mbb\player_box\parquet\player_box_2027.parquet -- schedule flags for it will all be False
2026-09-09 06:02:18 [INFO] mbb_data_build: wrote ..\mbb\schedules\parquet\mbb_schedule_2027.parquet (130.1KB) + mbb_schedule_2027.rds (137.1KB) + mbb_schedule_2027.csv (2.1MB), 1629 rows x 83 cols; manifest n/a (not manifested)
2026-09-09 06:02:19 [INFO] mbb_data_build: uploading mbb_schedule_2027.parquet (130.1KB) -> sportsdataverse/sportsdataverse-data:espn_mens_college_basketball_schedules
2026-09-09 06:02:20 [INFO] mbb_data_build: uploaded mbb_schedule_2027.parquet -> espn_mens_college_basketball_schedules (asset 1/3)
2026-09-09 06:02:20 [INFO] mbb_data_build: uploading mbb_schedule_2027.rds (137.1KB) -> sportsdataverse/sportsdataverse-data:espn_mens_college_basketball_schedules
2026-09-09 06:02:22 [INFO] mbb_data_build: uploaded mbb_schedule_2027.rds -> espn_mens_college_basketball_schedules (asset 2/3)
2026-09-09 06:02:22 [INFO] mbb_data_build: uploading mbb_schedule_2027.csv (2.1MB) -> sportsdataverse/sportsdataverse-data:espn_mens_college_basketball_schedules
2026-09-09 06:02:24 [INFO] mbb_data_build: uploaded mbb_schedule_2027.csv -> espn_mens_college_basketball_schedules (asset 3/3)
2026-09-09 06:02:30 [INFO] mbb_data_build: stamped espn_mens_college_basketball_schedules with timestamp.txt, timestamp.json, package_function.txt, package_function.json
2026-09-09 06:02:30 [INFO] mbb_data_build: schedules 2027: done -- 1629 rows in 13.7s
2026-09-09 06:02:30 [INFO] mbb_data_build: schedules 2027: season complete -- 1629 rows
::endgroup::
::group::mbb_data_build shots 2027
2026-09-09 06:02:33 [INFO] mbb_data_build: shots 2027: season-level build starting (raw=https://raw.githubusercontent.com/sportsdataverse/hoopR-mbb-raw/main via http)
2026-09-09 06:02:33 [WARNING] mbb_data_build: shots 2027: season-level build produced 0 rows; nothing written
2026-09-09 06:02:33 [INFO] mbb_data_build: shots 2027: season complete -- 0 rows
::endgroup::
::group::mbb_data_build rosters 2027
2026-09-09 06:02:36 [INFO] mbb_data_build: rosters 2027: season-level build starting (raw=https://raw.githubusercontent.com/sportsdataverse/hoopR-mbb-raw/main via http)
2026-09-09 06:03:07 [INFO] mbb_data_build: wrote ..\mbb\rosters\parquet\rosters_2027.parquet (510.7KB) + rosters_2027.rds (515.3KB) + rosters_2027.csv (2.3MB), 5461 rows x 36 cols; manifest mbb_rosters_in_data_repo.csv appended
2026-09-09 06:03:07 [INFO] mbb_data_build: uploading rosters_2027.parquet (510.7KB) -> sportsdataverse/sportsdataverse-data:espn_mens_college_basketball_rosters
2026-09-09 06:03:09 [INFO] mbb_data_build: uploaded rosters_2027.parquet -> espn_mens_college_basketball_rosters (asset 1/4)
2026-09-09 06:03:09 [INFO] mbb_data_build: uploading rosters_2027.rds (515.3KB) -> sportsdataverse/sportsdataverse-data:espn_mens_college_basketball_rosters
2026-09-09 06:03:11 [INFO] mbb_data_build: uploaded rosters_2027.rds -> espn_mens_college_basketball_rosters (asset 2/4)
2026-09-09 06:03:11 [INFO] mbb_data_build: uploading rosters_2027.csv (2.3MB) -> sportsdataverse/sportsdataverse-data:espn_mens_college_basketball_rosters
2026-09-09 06:03:12 [INFO] mbb_data_build: uploaded rosters_2027.csv -> espn_mens_college_basketball_rosters (asset 3/4)
2026-09-09 06:03:12 [INFO] mbb_data_build: uploading mbb_rosters_in_data_repo.csv (341B) -> sportsdataverse/sportsdataverse-data:espn_mens_college_basketball_rosters
2026-09-09 06:03:14 [INFO] mbb_data_build: uploaded mbb_rosters_in_data_repo.csv -> espn_mens_college_basketball_rosters (asset 4/4)
2026-09-09 06:03:20 [INFO] mbb_data_build: stamped espn_mens_college_basketball_rosters with timestamp.txt, timestamp.json, package_function.txt, package_function.json
2026-09-09 06:03:20 [INFO] mbb_data_build: rosters 2027: done -- 5461 rows in 43.8s
2026-09-09 06:03:20 [INFO] mbb_data_build: rosters 2027: season complete -- 5461 rows
::endgroup::
::group::mbb_data_build player_season_stats 2027
2026-09-09 06:03:22 [INFO] mbb_data_build: player_season_stats 2027: season-level build starting (raw=https://raw.githubusercontent.com/sportsdataverse/hoopR-mbb-raw/main via http)
2026-09-09 06:03:22 [WARNING] mbb_data_build: player_season_stats 2027: no built player_box parquet at ..\mbb\player_box\parquet\player_box_2027.parquet -- identity columns will be blank (build player_box first)
2026-09-09 06:03:22 [WARNING] mbb_data_build: player_season_stats 2027: season-level build produced 0 rows; nothing written
2026-09-09 06:03:22 [INFO] mbb_data_build: player_season_stats 2027: season complete -- 0 rows
::endgroup::
::group::mbb_data_build team_season_stats 2027
2026-09-09 06:03:25 [INFO] mbb_data_build: team_season_stats 2027: season-level build starting (raw=https://raw.githubusercontent.com/sportsdataverse/hoopR-mbb-raw/main via http)
2026-09-09 06:03:25 [WARNING] mbb_data_build: team_season_stats 2027: season-level build produced 0 rows; nothing written
2026-09-09 06:03:25 [INFO] mbb_data_build: team_season_stats 2027: season complete -- 0 rows
::endgroup::
::group::mbb_data_build standings 2027
2026-09-09 06:03:28 [INFO] mbb_data_build: standings 2027: season-level build starting (raw=https://raw.githubusercontent.com/sportsdataverse/hoopR-mbb-raw/main via http)
2026-09-09 06:03:28 [WARNING] mbb_data_build: standings 2027: season-level build produced 0 rows; nothing written
2026-09-09 06:03:28 [INFO] mbb_data_build: standings 2027: season complete -- 0 rows
::endgroup::
::group::mbb_data_build game_rosters 2027
2026-09-09 06:03:31 [INFO] mbb_data_build: game_rosters 2027: season-level build starting (raw=https://raw.githubusercontent.com/sportsdataverse/hoopR-mbb-raw/main via http)
2026-09-09 06:03:31 [WARNING] mbb_data_build: game_rosters 2027: season-level build produced 0 rows; nothing written
2026-09-09 06:03:31 [INFO] mbb_data_build: game_rosters 2027: season complete -- 0 rows
::endgroup::
::group::mbb_data_build officials 2027
2026-09-09 06:03:34 [INFO] mbb_data_build: officials 2027: season-level build starting (raw=https://raw.githubusercontent.com/sportsdataverse/hoopR-mbb-raw/main via http)
2026-09-09 06:03:34 [WARNING] mbb_data_build: officials 2027: season-level build produced 0 rows; nothing written
2026-09-09 06:03:34 [INFO] mbb_data_build: officials 2027: season complete -- 0 rows
::endgroup::
::group::mbb_data_build team_crosswalk 2027
2026-09-09 06:03:37 [INFO] mbb_data_build: team_crosswalk 2027: season-level build starting (raw=None via disk)
Traceback (most recent call last):
  File "D:\a\hoopR-mbb-data\hoopR-mbb-data\.venv\Lib\site-packages\sportsdataverse\_crosswalk_basketball_sources.py", line 139, in require_source
    out = fetch()
          ^^^^^^^
  File "D:\a\hoopR-mbb-data\hoopR-mbb-data\.venv\Lib\site-packages\sportsdataverse\mbb\mbb_crosswalk.py", line 587, in _bart
    return torvik_ratings(year=season, **kwargs)
           ^^^^^^^^^^^^^^^^^^^^^^^^^^^^^^^^^^^^^
  File "D:\a\hoopR-mbb-data\hoopR-mbb-data\.venv\Lib\site-packages\sportsdataverse\mbb\torvik.py", line 69, in torvik_ratings
    return parse_torvik_csv(raw, return_as_pandas=return_as_pandas)
           ^^^^^^^^^^^^^^^^^^^^^^^^^^^^^^^^^^^^^^^^^^^^^^^^^^^^^^^^
  File "D:\a\hoopR-mbb-data\hoopR-mbb-data\.venv\Lib\site-packages\sportsdataverse\mbb\torvik_parsers.py", line 111, in parse_torvik_csv
    raise ValueError(
ValueError: expected a barttorvik.com CSV data file but received an HTML document (starts: '<!DOCTYPE HTML PUBLIC "-//W3C//DTD HTML 4.01 Transitional//EN" "http://www.w3.org/TR/html4/loose.dtd"> <HTML><HEAD><META'). The host answers a transient outage with an HTML page and HTTP 200; retry, or check the endpoint URL for that season.

The above exception was the direct cause of the following exception:

Traceback (most recent call last):
  File "<frozen runpy>", line 198, in _run_module_as_main
  File "<frozen runpy>", line 88, in _run_code
  File "D:\a\hoopR-mbb-data\hoopR-mbb-data\python\mbb_data_build\__main__.py", line 6, in <module>
    sys.exit(main())
             ^^^^^^
  File "D:\a\hoopR-mbb-data\hoopR-mbb-data\python\mbb_data_build\cli.py", line 26, in main
    df = build_season(
         ^^^^^^^^^^^^^
  File "D:\a\hoopR-mbb-data\hoopR-mbb-data\python\mbb_data_build\build.py", line 84, in build_season
    out = reshapers.SEASON_BUILDERS[dataset](season, raw_root=root, base=Path(base))
          ^^^^^^^^^^^^^^^^^^^^^^^^^^^^^^^^^^^^^^^^^^^^^^^^^^^^^^^^^^^^^^^^^^^^^^^^^^
  File "D:\a\hoopR-mbb-data\hoopR-mbb-data\python\mbb_data_build\reshapers.py", line 517, in team_crosswalk_builder
    return mbb_team_crosswalk(season=season)
           ^^^^^^^^^^^^^^^^^^^^^^^^^^^^^^^^^
  File "D:\a\hoopR-mbb-data\hoopR-mbb-data\.venv\Lib\site-packages\sportsdataverse\mbb\mbb_crosswalk.py", line 589, in mbb_team_crosswalk
    bart = require_source(f"torvik_ratings(year={season})", _bart)
           ^^^^^^^^^^^^^^^^^^^^^^^^^^^^^^^^^^^^^^^^^^^^^^^^^^^^^^^
  File "D:\a\hoopR-mbb-data\hoopR-mbb-data\.venv\Lib\site-packages\sportsdataverse\_crosswalk_basketball_sources.py", line 143, in require_source
    raise CrosswalkSourceError(f"{label} could not be produced: {type(exc).__name__}: {exc}") from exc
sportsdataverse._crosswalk_basketball_sources.CrosswalkSourceError: torvik_ratings(year=2027) could not be produced: ValueError: expected a barttorvik.com CSV data file but received an HTML document (starts: '<!DOCTYPE HTML PUBLIC "-//W3C//DTD HTML 4.01 Transitional//EN" "http://www.w3.org/TR/html4/loose.dtd"> <HTML><HEAD><META'). The host answers a transient outage with an HTML page and HTTP 200; retry, or check the endpoint URL for that season.
::warning ::mbb_data_build team_crosswalk for season 2027 exited with code 1 (crosswalk; non-fatal, live external source)
::endgroup::
::group::mbb_data_build schedule_crosswalk 2027
2026-09-09 06:04:21 [INFO] mbb_data_build: schedule_crosswalk 2027: season-level build starting (raw=None via disk)
Traceback (most recent call last):
  File "D:\a\hoopR-mbb-data\hoopR-mbb-data\.venv\Lib\site-packages\sportsdataverse\_crosswalk_basketball_sources.py", line 139, in require_source
    out = fetch()
          ^^^^^^^
  File "D:\a\hoopR-mbb-data\hoopR-mbb-data\.venv\Lib\site-packages\sportsdataverse\mbb\mbb_crosswalk.py", line 587, in _bart
    return torvik_ratings(year=season, **kwargs)
           ^^^^^^^^^^^^^^^^^^^^^^^^^^^^^^^^^^^^^
  File "D:\a\hoopR-mbb-data\hoopR-mbb-data\.venv\Lib\site-packages\sportsdataverse\mbb\torvik.py", line 69, in torvik_ratings
    return parse_torvik_csv(raw, return_as_pandas=return_as_pandas)
           ^^^^^^^^^^^^^^^^^^^^^^^^^^^^^^^^^^^^^^^^^^^^^^^^^^^^^^^^
  File "D:\a\hoopR-mbb-data\hoopR-mbb-data\.venv\Lib\site-packages\sportsdataverse\mbb\torvik_parsers.py", line 111, in parse_torvik_csv
    raise ValueError(
ValueError: expected a barttorvik.com CSV data file but received an HTML document (starts: '<!DOCTYPE HTML PUBLIC "-//W3C//DTD HTML 4.01 Transitional//EN" "http://www.w3.org/TR/html4/loose.dtd"> <HTML><HEAD><META'). The host answers a transient outage with an HTML page and HTTP 200; retry, or check the endpoint URL for that season.

The above exception was the direct cause of the following exception:

Traceback (most recent call last):
  File "<frozen runpy>", line 198, in _run_module_as_main
  File "<frozen runpy>", line 88, in _run_code
  File "D:\a\hoopR-mbb-data\hoopR-mbb-data\python\mbb_data_build\__main__.py", line 6, in <module>
    sys.exit(main())
             ^^^^^^
  File "D:\a\hoopR-mbb-data\hoopR-mbb-data\python\mbb_data_build\cli.py", line 26, in main
    df = build_season(
         ^^^^^^^^^^^^^
  File "D:\a\hoopR-mbb-data\hoopR-mbb-data\python\mbb_data_build\build.py", line 84, in build_season
    out = reshapers.SEASON_BUILDERS[dataset](season, raw_root=root, base=Path(base))
          ^^^^^^^^^^^^^^^^^^^^^^^^^^^^^^^^^^^^^^^^^^^^^^^^^^^^^^^^^^^^^^^^^^^^^^^^^^
  File "D:\a\hoopR-mbb-data\hoopR-mbb-data\python\mbb_data_build\reshapers.py", line 534, in schedule_crosswalk_builder
    return mbb_schedule_crosswalk(season=season)
           ^^^^^^^^^^^^^^^^^^^^^^^^^^^^^^^^^^^^^
  File "D:\a\hoopR-mbb-data\hoopR-mbb-data\.venv\Lib\site-packages\sportsdataverse\mbb\mbb_crosswalk.py", line 639, in mbb_schedule_crosswalk
    team_xwalk = mbb_team_crosswalk(season=season, fox=pl.DataFrame(), **kwargs)
                 ^^^^^^^^^^^^^^^^^^^^^^^^^^^^^^^^^^^^^^^^^^^^^^^^^^^^^^^^^^^^^^^
  File "D:\a\hoopR-mbb-data\hoopR-mbb-data\.venv\Lib\site-packages\sportsdataverse\mbb\mbb_crosswalk.py", line 589, in mbb_team_crosswalk
    bart = require_source(f"torvik_ratings(year={season})", _bart)
           ^^^^^^^^^^^^^^^^^^^^^^^^^^^^^^^^^^^^^^^^^^^^^^^^^^^^^^^
  File "D:\a\hoopR-mbb-data\hoopR-mbb-data\.venv\Lib\site-packages\sportsdataverse\_crosswalk_basketball_sources.py", line 143, in require_source
    raise CrosswalkSourceError(f"{label} could not be produced: {type(exc).__name__}: {exc}") from exc
sportsdataverse._crosswalk_basketball_sources.CrosswalkSourceError: torvik_ratings(year=2027) could not be produced: ValueError: expected a barttorvik.com CSV data file but received an HTML document (starts: '<!DOCTYPE HTML PUBLIC "-//W3C//DTD HTML 4.01 Transitional//EN" "http://www.w3.org/TR/html4/loose.dtd"> <HTML><HEAD><META'). The host answers a transient outage with an HTML page and HTTP 200; retry, or check the endpoint URL for that season.
::warning ::mbb_data_build schedule_crosswalk for season 2027 exited with code 1 (crosswalk; non-fatal, live external source)
::endgroup::
::group::mbb_data_build player_crosswalk 2027
2026-09-09 06:04:33 [INFO] mbb_data_build: player_crosswalk 2027: season-level build starting (raw=None via disk)
Traceback (most recent call last):
  File "D:\a\hoopR-mbb-data\hoopR-mbb-data\.venv\Lib\site-packages\sportsdataverse\_crosswalk_basketball_sources.py", line 139, in require_source
    out = fetch()
          ^^^^^^^
  File "D:\a\hoopR-mbb-data\hoopR-mbb-data\.venv\Lib\site-packages\sportsdataverse\mbb\mbb_crosswalk.py", line 587, in _bart
    return torvik_ratings(year=season, **kwargs)
           ^^^^^^^^^^^^^^^^^^^^^^^^^^^^^^^^^^^^^
  File "D:\a\hoopR-mbb-data\hoopR-mbb-data\.venv\Lib\site-packages\sportsdataverse\mbb\torvik.py", line 69, in torvik_ratings
    return parse_torvik_csv(raw, return_as_pandas=return_as_pandas)
           ^^^^^^^^^^^^^^^^^^^^^^^^^^^^^^^^^^^^^^^^^^^^^^^^^^^^^^^^
  File "D:\a\hoopR-mbb-data\hoopR-mbb-data\.venv\Lib\site-packages\sportsdataverse\mbb\torvik_parsers.py", line 111, in parse_torvik_csv
    raise ValueError(
ValueError: expected a barttorvik.com CSV data file but received an HTML document (starts: '<!DOCTYPE HTML PUBLIC "-//W3C//DTD HTML 4.01 Transitional//EN" "http://www.w3.org/TR/html4/loose.dtd"> <HTML><HEAD><META'). The host answers a transient outage with an HTML page and HTTP 200; retry, or check the endpoint URL for that season.

The above exception was the direct cause of the following exception:

Traceback (most recent call last):
  File "<frozen runpy>", line 198, in _run_module_as_main
  File "<frozen runpy>", line 88, in _run_code
  File "D:\a\hoopR-mbb-data\hoopR-mbb-data\python\mbb_data_build\__main__.py", line 6, in <module>
    sys.exit(main())
             ^^^^^^
  File "D:\a\hoopR-mbb-data\hoopR-mbb-data\python\mbb_data_build\cli.py", line 26, in main
    df = build_season(
         ^^^^^^^^^^^^^
  File "D:\a\hoopR-mbb-data\hoopR-mbb-data\python\mbb_data_build\build.py", line 84, in build_season
    out = reshapers.SEASON_BUILDERS[dataset](season, raw_root=root, base=Path(base))
          ^^^^^^^^^^^^^^^^^^^^^^^^^^^^^^^^^^^^^^^^^^^^^^^^^^^^^^^^^^^^^^^^^^^^^^^^^^
  File "D:\a\hoopR-mbb-data\hoopR-mbb-data\python\mbb_data_build\reshapers.py", line 491, in player_crosswalk_builder
    return mbb_player_crosswalk(season=season)
           ^^^^^^^^^^^^^^^^^^^^^^^^^^^^^^^^^^^
  File "D:\a\hoopR-mbb-data\hoopR-mbb-data\.venv\Lib\site-packages\sportsdataverse\mbb\mbb_crosswalk.py", line 695, in mbb_player_crosswalk
    team_xwalk = mbb_team_crosswalk(season=season, **kwargs)
                 ^^^^^^^^^^^^^^^^^^^^^^^^^^^^^^^^^^^^^^^^^^^
  File "D:\a\hoopR-mbb-data\hoopR-mbb-data\.venv\Lib\site-packages\sportsdataverse\mbb\mbb_crosswalk.py", line 589, in mbb_team_crosswalk
    bart = require_source(f"torvik_ratings(year={season})", _bart)
           ^^^^^^^^^^^^^^^^^^^^^^^^^^^^^^^^^^^^^^^^^^^^^^^^^^^^^^^
  File "D:\a\hoopR-mbb-data\hoopR-mbb-data\.venv\Lib\site-packages\sportsdataverse\_crosswalk_basketball_sources.py", line 143, in require_source
    raise CrosswalkSourceError(f"{label} could not be produced: {type(exc).__name__}: {exc}") from exc
sportsdataverse._crosswalk_basketball_sources.CrosswalkSourceError: torvik_ratings(year=2027) could not be produced: ValueError: expected a barttorvik.com CSV data file but received an HTML document (starts: '<!DOCTYPE HTML PUBLIC "-//W3C//DTD HTML 4.01 Transitional//EN" "http://www.w3.org/TR/html4/loose.dtd"> <HTML><HEAD><META'). The host answers a transient outage with an HTML page and HTTP 200; retry, or check the endpoint URL for that season.
::warning ::mbb_data_build player_crosswalk for season 2027 exited with code 1 (crosswalk; non-fatal, live external source)
::endgroup::
::group::wp_enrich 2027
2026-09-09 06:04:50 [INFO] mbb_data_build: wp mens 2027: no pbp built under ..\mbb; nothing to enrich
::endgroup::
season 2027 EXIT=0
pushed: MBB Data Updated (Start: 2027 End: 2027) (attempt 1)
